// Jest Snapshot v1, https://goo.gl/fbAQLP

exports[`createContextConsumerChain matches snapshot 1`] = `
<div
  a={1}
  b={2}
  render={[Function]}
/>
`;
